===== SYSTEM MONITOR LOG =====
Timestamp: Thu Oct 16 11:26:01 AM EDT 2025

---- UPTIME ----
 11:26:01 up 47 min,  2 users,  load average: 0.16, 0.32, 0.24

---- MEMORY USAGE ----
               total        used        free      shared  buff/cache   available
Mem:           3.3Gi       2.1Gi       188Mi       101Mi       1.3Gi       1.2Gi
Swap:          2.8Gi       768Ki       2.8Gi

---- DISK USAGE ----
Filesystem                         Size  Used Avail Use% Mounted on
tmpfs                              339M  2.0M  337M   1% /run
/dev/mapper/ubuntu--vg-ubuntu--lv   17G  9.3G  6.8G  58% /
tmpfs                              1.7G     0  1.7G   0% /dev/shm
efivarfs                           256K   32K  225K  13% /sys/firmware/efi/efivars
tmpfs                              5.0M  8.0K  5.0M   1% /run/lock
tmpfs                              1.0M     0  1.0M   0% /run/credentials/systemd-journald.service
tmpfs                              1.7G  3.8M  1.7G   1% /tmp
tmpfs                              1.0M     0  1.0M   0% /run/credentials/systemd-resolved.service
tmpfs                              1.0M     0  1.0M   0% /run/credentials/systemd-cryptsetup@dm_crypt\x2d0.service
/dev/nvme0n1p2                     1.7G  200M  1.4G  13% /boot
/dev/nvme0n1p1                     952M  6.4M  945M   1% /boot/efi
tmpfs                              339M  148K  339M   1% /run/user/1000

===============================

===== SYSTEM MONITOR LOG =====
Timestamp: Thu Oct 16 11:27:01 AM EDT 2025

---- UPTIME ----
 11:27:01 up 48 min,  2 users,  load average: 0.39, 0.36, 0.27

---- MEMORY USAGE ----
               total        used        free      shared  buff/cache   available
Mem:           3.3Gi       2.1Gi       177Mi       101Mi       1.3Gi       1.2Gi
Swap:          2.8Gi       768Ki       2.8Gi

---- DISK USAGE ----
Filesystem                         Size  Used Avail Use% Mounted on
tmpfs                              339M  2.0M  337M   1% /run
/dev/mapper/ubuntu--vg-ubuntu--lv   17G  9.3G  6.8G  58% /
tmpfs                              1.7G     0  1.7G   0% /dev/shm
efivarfs                           256K   32K  225K  13% /sys/firmware/efi/efivars
tmpfs                              5.0M  8.0K  5.0M   1% /run/lock
tmpfs                              1.0M     0  1.0M   0% /run/credentials/systemd-journald.service
tmpfs                              1.7G  3.8M  1.7G   1% /tmp
tmpfs                              1.0M     0  1.0M   0% /run/credentials/systemd-resolved.service
tmpfs                              1.0M     0  1.0M   0% /run/credentials/systemd-cryptsetup@dm_crypt\x2d0.service
/dev/nvme0n1p2                     1.7G  200M  1.4G  13% /boot
/dev/nvme0n1p1                     952M  6.4M  945M   1% /boot/efi
tmpfs                              339M  148K  339M   1% /run/user/1000

===============================

===== SYSTEM MONITOR LOG =====
Timestamp: Thu Oct 16 11:27:21 AM EDT 2025

---- UPTIME ----
 11:27:21 up 48 min,  2 users,  load average: 0.43, 0.37, 0.27

---- MEMORY USAGE ----
               total        used        free      shared  buff/cache   available
Mem:           3.3Gi       2.1Gi       184Mi       101Mi       1.3Gi       1.2Gi
Swap:          2.8Gi       768Ki       2.8Gi

---- DISK USAGE ----
Filesystem                         Size  Used Avail Use% Mounted on
tmpfs                              339M  2.0M  337M   1% /run
/dev/mapper/ubuntu--vg-ubuntu--lv   17G  9.3G  6.8G  58% /
tmpfs                              1.7G     0  1.7G   0% /dev/shm
efivarfs                           256K   32K  225K  13% /sys/firmware/efi/efivars
tmpfs                              5.0M  8.0K  5.0M   1% /run/lock
tmpfs                              1.0M     0  1.0M   0% /run/credentials/systemd-journald.service
tmpfs                              1.7G  3.8M  1.7G   1% /tmp
tmpfs                              1.0M     0  1.0M   0% /run/credentials/systemd-resolved.service
tmpfs                              1.0M     0  1.0M   0% /run/credentials/systemd-cryptsetup@dm_crypt\x2d0.service
/dev/nvme0n1p2                     1.7G  200M  1.4G  13% /boot
/dev/nvme0n1p1                     952M  6.4M  945M   1% /boot/efi
tmpfs                              339M  148K  339M   1% /run/user/1000

===============================

===== SYSTEM MONITOR LOG =====
Timestamp: Thu Oct 16 11:28:01 AM EDT 2025

---- UPTIME ----
 11:28:01 up 49 min,  2 users,  load average: 0.22, 0.32, 0.26

---- MEMORY USAGE ----
               total        used        free      shared  buff/cache   available
Mem:           3.3Gi       2.1Gi       187Mi       100Mi       1.3Gi       1.2Gi
Swap:          2.8Gi       768Ki       2.8Gi

---- DISK USAGE ----
Filesystem                         Size  Used Avail Use% Mounted on
tmpfs                              339M  2.0M  337M   1% /run
/dev/mapper/ubuntu--vg-ubuntu--lv   17G  9.3G  6.8G  58% /
tmpfs                              1.7G     0  1.7G   0% /dev/shm
efivarfs                           256K   32K  225K  13% /sys/firmware/efi/efivars
tmpfs                              5.0M  8.0K  5.0M   1% /run/lock
tmpfs                              1.0M     0  1.0M   0% /run/credentials/systemd-journald.service
tmpfs                              1.7G  3.8M  1.7G   1% /tmp
tmpfs                              1.0M     0  1.0M   0% /run/credentials/systemd-resolved.service
tmpfs                              1.0M     0  1.0M   0% /run/credentials/systemd-cryptsetup@dm_crypt\x2d0.service
/dev/nvme0n1p2                     1.7G  200M  1.4G  13% /boot
/dev/nvme0n1p1                     952M  6.4M  945M   1% /boot/efi
tmpfs                              339M  148K  339M   1% /run/user/1000

===============================

